../Core/Src/lora.c:111:13:write_register	16	static
../Core/Src/lora.c:88:16:read_register	24	static
../Core/Src/lora.c:203:13:set_low_data_rate_optimization	16	static
../Core/Src/lora.c:221:6:lora_mode_sleep	0	static
../Core/Src/lora.c:228:6:lora_mode_receive_continuous	8	static
../Core/Src/lora.c:240:6:lora_mode_receive_single	8	static
../Core/Src/lora.c:252:6:lora_mode_standby	0	static
../Core/Src/lora.c:259:6:lora_set_implicit_header_mode	8	static
../Core/Src/lora.c:268:6:lora_set_explicit_header_mode	8	static
../Core/Src/lora.c:277:6:lora_set_tx_power	16	static
../Core/Src/lora.c:326:6:lora_set_frequency	16	static
../Core/Src/lora.c:338:8:lora_packet_rssi	8	static
../Core/Src/lora.c:347:9:lora_packet_snr	8	static
../Core/Src/lora.c:356:6:lora_set_signal_bandwidth	16	static
../Core/Src/lora.c:370:6:lora_set_spreading_factor	16	static
../Core/Src/lora.c:396:6:lora_set_crc	16	static
../Core/Src/lora.c:411:6:lora_set_coding_rate	16	static
../Core/Src/lora.c:422:6:lora_set_preamble_length	16	static
../Core/Src/lora.c:430:9:lora_version	0	static
../Core/Src/lora.c:437:9:lora_is_transmitting	8	static
../Core/Src/lora.c:487:7:lora_send_packet_dma_complete	8	static
../Core/Src/lora.c:519:6:lora_set_rx_symbol_timeout	16	static
../Core/Src/lora.c:539:9:lora_is_packet_available	8	static
../Core/Src/lora.c:549:9:lora_pending_packet_length	8	static
../Core/Src/lora.c:565:16:lora_receive_packet_base.constprop	40	static
../Core/Src/lora.c:612:9:lora_receive_packet	0	static
../Core/Src/lora.c:617:9:lora_receive_packet_dma_start	0	static
../Core/Src/lora.c:622:6:lora_receive_packet_dma_complete	0	static
../Core/Src/lora.c:628:9:lora_receive_packet_blocking	32	static
../Core/Src/lora.c:647:6:lora_enable_interrupt_rx_done	0	static
../Core/Src/lora.c:655:6:lora_enable_interrupt_tx_done	0	static
../Core/Src/lora.c:663:6:lora_clear_interrupt_tx_done	0	static
../Core/Src/lora.c:446:16:lora_send_packet_base	32	static
../Core/Src/lora.c:476:9:lora_send_packet	0	static
../Core/Src/lora.c:495:9:lora_send_packet_blocking	24	static
../Core/Src/lora.c:481:9:lora_send_packet_dma_start	0	static
../Core/Src/lora.c:668:6:lora_clear_interrupt_rx_all	0	static
../Core/Src/lora.c:674:9:lora_init	24	static
